[0.199s] DEBUG:colcon:Command line arguments: ['/usr/bin/colcon', 'build']
[0.199s] DEBUG:colcon:Parsed command line arguments: Namespace(log_base=None, log_level=None, verb_name='build', build_base='build', install_base='install', merge_install=False, symlink_install=False, test_result_base=None, continue_on_error=False, executor='parallel', parallel_workers=8, event_handlers=None, ignore_user_meta=False, metas=['./colcon.meta'], base_paths=['.'], packages_ignore=None, packages_ignore_regex=None, paths=None, packages_up_to=None, packages_up_to_regex=None, packages_above=None, packages_above_and_dependencies=None, packages_above_depth=None, packages_select_by_dep=None, packages_skip_by_dep=None, packages_skip_up_to=None, packages_select_build_failed=False, packages_skip_build_finished=False, packages_select_test_failures=False, packages_skip_test_passed=False, packages_select=None, packages_skip=None, packages_select_regex=None, packages_skip_regex=None, packages_start=None, packages_end=None, allow_overriding=[], cmake_args=None, cmake_target=None, cmake_target_skip_unavailable=False, cmake_clean_cache=False, cmake_clean_first=False, cmake_force_configure=False, ament_cmake_args=None, catkin_cmake_args=None, catkin_skip_building_tests=False, mixin_files=None, mixin=None, verb_parser=<colcon_mixin.mixin.mixin_argument.MixinArgumentDecorator object at 0x799422e32560>, verb_extension=<colcon_core.verb.build.BuildVerb object at 0x799422e32080>, main=<bound method BuildVerb.main of <colcon_core.verb.build.BuildVerb object at 0x799422e32080>>, mixin_verb=('build',))
[0.461s] Level 1:colcon.colcon_core.package_discovery:discover_packages(colcon_meta) check parameters
[0.461s] Level 1:colcon.colcon_core.package_discovery:discover_packages(recursive) check parameters
[0.461s] Level 1:colcon.colcon_core.package_discovery:discover_packages(ignore) check parameters
[0.461s] Level 1:colcon.colcon_core.package_discovery:discover_packages(path) check parameters
[0.461s] Level 1:colcon.colcon_core.package_discovery:discover_packages(colcon_meta) discover
[0.461s] Level 1:colcon.colcon_core.package_discovery:discover_packages(recursive) discover
[0.461s] INFO:colcon.colcon_core.package_discovery:Crawling recursively for packages in '/home/c3spray_deck/ros2_ws/src/paint_controller_ros2/paint_controller'
[0.461s] Level 1:colcon.colcon_core.package_identification:_identify(.) by extensions ['ignore', 'ignore_ament_install']
[0.461s] Level 1:colcon.colcon_core.package_identification:_identify(.) by extension 'ignore'
[0.462s] Level 1:colcon.colcon_core.package_identification:_identify(.) by extension 'ignore_ament_install'
[0.462s] Level 1:colcon.colcon_core.package_identification:_identify(.) by extensions ['colcon_pkg']
[0.462s] Level 1:colcon.colcon_core.package_identification:_identify(.) by extension 'colcon_pkg'
[0.462s] Level 1:colcon.colcon_core.package_identification:_identify(.) by extensions ['colcon_meta']
[0.462s] Level 1:colcon.colcon_core.package_identification:_identify(.) by extension 'colcon_meta'
[0.462s] Level 1:colcon.colcon_core.package_identification:_identify(.) by extensions ['ros']
[0.462s] Level 1:colcon.colcon_core.package_identification:_identify(.) by extension 'ros'
[0.476s] Level 1:colcon.colcon_core.package_identification:_identify(.) by extensions ['cmake', 'python']
[0.477s] Level 1:colcon.colcon_core.package_identification:_identify(.) by extension 'cmake'
[0.477s] Level 1:colcon.colcon_core.package_identification:_identify(.) by extension 'python'
[0.477s] Level 1:colcon.colcon_core.package_identification:_identify(.) by extensions ['python_setup_py']
[0.477s] Level 1:colcon.colcon_core.package_identification:_identify(.) by extension 'python_setup_py'
[0.477s] Level 1:colcon.colcon_core.package_identification:_identify(__pycache__) by extensions ['ignore', 'ignore_ament_install']
[0.477s] Level 1:colcon.colcon_core.package_identification:_identify(__pycache__) by extension 'ignore'
[0.477s] Level 1:colcon.colcon_core.package_identification:_identify(__pycache__) by extension 'ignore_ament_install'
[0.477s] Level 1:colcon.colcon_core.package_identification:_identify(__pycache__) by extensions ['colcon_pkg']
[0.477s] Level 1:colcon.colcon_core.package_identification:_identify(__pycache__) by extension 'colcon_pkg'
[0.477s] Level 1:colcon.colcon_core.package_identification:_identify(__pycache__) by extensions ['colcon_meta']
[0.477s] Level 1:colcon.colcon_core.package_identification:_identify(__pycache__) by extension 'colcon_meta'
[0.477s] Level 1:colcon.colcon_core.package_identification:_identify(__pycache__) by extensions ['ros']
[0.477s] Level 1:colcon.colcon_core.package_identification:_identify(__pycache__) by extension 'ros'
[0.478s] Level 1:colcon.colcon_core.package_identification:_identify(__pycache__) by extensions ['cmake', 'python']
[0.478s] Level 1:colcon.colcon_core.package_identification:_identify(__pycache__) by extension 'cmake'
[0.478s] Level 1:colcon.colcon_core.package_identification:_identify(__pycache__) by extension 'python'
[0.478s] Level 1:colcon.colcon_core.package_identification:_identify(__pycache__) by extensions ['python_setup_py']
[0.478s] Level 1:colcon.colcon_core.package_identification:_identify(__pycache__) by extension 'python_setup_py'
[0.478s] Level 1:colcon.colcon_core.package_identification:_identify(build) by extensions ['ignore', 'ignore_ament_install']
[0.478s] Level 1:colcon.colcon_core.package_identification:_identify(build) by extension 'ignore'
[0.478s] Level 1:colcon.colcon_core.package_identification:_identify(build) ignored
[0.478s] Level 1:colcon.colcon_core.package_identification:_identify(gstream) by extensions ['ignore', 'ignore_ament_install']
[0.478s] Level 1:colcon.colcon_core.package_identification:_identify(gstream) by extension 'ignore'
[0.478s] Level 1:colcon.colcon_core.package_identification:_identify(gstream) by extension 'ignore_ament_install'
[0.478s] Level 1:colcon.colcon_core.package_identification:_identify(gstream) by extensions ['colcon_pkg']
[0.478s] Level 1:colcon.colcon_core.package_identification:_identify(gstream) by extension 'colcon_pkg'
[0.478s] Level 1:colcon.colcon_core.package_identification:_identify(gstream) by extensions ['colcon_meta']
[0.478s] Level 1:colcon.colcon_core.package_identification:_identify(gstream) by extension 'colcon_meta'
[0.478s] Level 1:colcon.colcon_core.package_identification:_identify(gstream) by extensions ['ros']
[0.479s] Level 1:colcon.colcon_core.package_identification:_identify(gstream) by extension 'ros'
[0.479s] Level 1:colcon.colcon_core.package_identification:_identify(gstream) by extensions ['cmake', 'python']
[0.479s] Level 1:colcon.colcon_core.package_identification:_identify(gstream) by extension 'cmake'
[0.479s] Level 1:colcon.colcon_core.package_identification:_identify(gstream) by extension 'python'
[0.479s] Level 1:colcon.colcon_core.package_identification:_identify(gstream) by extensions ['python_setup_py']
[0.479s] Level 1:colcon.colcon_core.package_identification:_identify(gstream) by extension 'python_setup_py'
[0.479s] Level 1:colcon.colcon_core.package_identification:_identify(gstream/webRTC) by extensions ['ignore', 'ignore_ament_install']
[0.479s] Level 1:colcon.colcon_core.package_identification:_identify(gstream/webRTC) by extension 'ignore'
[0.479s] Level 1:colcon.colcon_core.package_identification:_identify(gstream/webRTC) by extension 'ignore_ament_install'
[0.479s] Level 1:colcon.colcon_core.package_identification:_identify(gstream/webRTC) by extensions ['colcon_pkg']
[0.479s] Level 1:colcon.colcon_core.package_identification:_identify(gstream/webRTC) by extension 'colcon_pkg'
[0.479s] Level 1:colcon.colcon_core.package_identification:_identify(gstream/webRTC) by extensions ['colcon_meta']
[0.479s] Level 1:colcon.colcon_core.package_identification:_identify(gstream/webRTC) by extension 'colcon_meta'
[0.479s] Level 1:colcon.colcon_core.package_identification:_identify(gstream/webRTC) by extensions ['ros']
[0.479s] Level 1:colcon.colcon_core.package_identification:_identify(gstream/webRTC) by extension 'ros'
[0.479s] Level 1:colcon.colcon_core.package_identification:_identify(gstream/webRTC) by extensions ['cmake', 'python']
[0.480s] Level 1:colcon.colcon_core.package_identification:_identify(gstream/webRTC) by extension 'cmake'
[0.480s] Level 1:colcon.colcon_core.package_identification:_identify(gstream/webRTC) by extension 'python'
[0.480s] Level 1:colcon.colcon_core.package_identification:_identify(gstream/webRTC) by extensions ['python_setup_py']
[0.480s] Level 1:colcon.colcon_core.package_identification:_identify(gstream/webRTC) by extension 'python_setup_py'
[0.480s] Level 1:colcon.colcon_core.package_identification:_identify(gstream/webRTC/node_modules) by extensions ['ignore', 'ignore_ament_install']
[0.480s] Level 1:colcon.colcon_core.package_identification:_identify(gstream/webRTC/node_modules) by extension 'ignore'
[0.480s] Level 1:colcon.colcon_core.package_identification:_identify(gstream/webRTC/node_modules) by extension 'ignore_ament_install'
[0.480s] Level 1:colcon.colcon_core.package_identification:_identify(gstream/webRTC/node_modules) by extensions ['colcon_pkg']
[0.480s] Level 1:colcon.colcon_core.package_identification:_identify(gstream/webRTC/node_modules) by extension 'colcon_pkg'
[0.480s] Level 1:colcon.colcon_core.package_identification:_identify(gstream/webRTC/node_modules) by extensions ['colcon_meta']
[0.480s] Level 1:colcon.colcon_core.package_identification:_identify(gstream/webRTC/node_modules) by extension 'colcon_meta'
[0.480s] Level 1:colcon.colcon_core.package_identification:_identify(gstream/webRTC/node_modules) by extensions ['ros']
[0.480s] Level 1:colcon.colcon_core.package_identification:_identify(gstream/webRTC/node_modules) by extension 'ros'
[0.480s] Level 1:colcon.colcon_core.package_identification:_identify(gstream/webRTC/node_modules) by extensions ['cmake', 'python']
[0.480s] Level 1:colcon.colcon_core.package_identification:_identify(gstream/webRTC/node_modules) by extension 'cmake'
[0.480s] Level 1:colcon.colcon_core.package_identification:_identify(gstream/webRTC/node_modules) by extension 'python'
[0.480s] Level 1:colcon.colcon_core.package_identification:_identify(gstream/webRTC/node_modules) by extensions ['python_setup_py']
[0.481s] Level 1:colcon.colcon_core.package_identification:_identify(gstream/webRTC/node_modules) by extension 'python_setup_py'
[0.481s] Level 1:colcon.colcon_core.package_identification:_identify(gstream/webRTC/node_modules/base64-js) by extensions ['ignore', 'ignore_ament_install']
[0.481s] Level 1:colcon.colcon_core.package_identification:_identify(gstream/webRTC/node_modules/base64-js) by extension 'ignore'
[0.481s] Level 1:colcon.colcon_core.package_identification:_identify(gstream/webRTC/node_modules/base64-js) by extension 'ignore_ament_install'
[0.481s] Level 1:colcon.colcon_core.package_identification:_identify(gstream/webRTC/node_modules/base64-js) by extensions ['colcon_pkg']
[0.481s] Level 1:colcon.colcon_core.package_identification:_identify(gstream/webRTC/node_modules/base64-js) by extension 'colcon_pkg'
[0.481s] Level 1:colcon.colcon_core.package_identification:_identify(gstream/webRTC/node_modules/base64-js) by extensions ['colcon_meta']
[0.481s] Level 1:colcon.colcon_core.package_identification:_identify(gstream/webRTC/node_modules/base64-js) by extension 'colcon_meta'
[0.481s] Level 1:colcon.colcon_core.package_identification:_identify(gstream/webRTC/node_modules/base64-js) by extensions ['ros']
[0.481s] Level 1:colcon.colcon_core.package_identification:_identify(gstream/webRTC/node_modules/base64-js) by extension 'ros'
[0.481s] Level 1:colcon.colcon_core.package_identification:_identify(gstream/webRTC/node_modules/base64-js) by extensions ['cmake', 'python']
[0.481s] Level 1:colcon.colcon_core.package_identification:_identify(gstream/webRTC/node_modules/base64-js) by extension 'cmake'
[0.481s] Level 1:colcon.colcon_core.package_identification:_identify(gstream/webRTC/node_modules/base64-js) by extension 'python'
[0.481s] Level 1:colcon.colcon_core.package_identification:_identify(gstream/webRTC/node_modules/base64-js) by extensions ['python_setup_py']
[0.481s] Level 1:colcon.colcon_core.package_identification:_identify(gstream/webRTC/node_modules/base64-js) by extension 'python_setup_py'
[0.482s] Level 1:colcon.colcon_core.package_identification:_identify(gstream/webRTC/node_modules/buffer) by extensions ['ignore', 'ignore_ament_install']
[0.482s] Level 1:colcon.colcon_core.package_identification:_identify(gstream/webRTC/node_modules/buffer) by extension 'ignore'
[0.482s] Level 1:colcon.colcon_core.package_identification:_identify(gstream/webRTC/node_modules/buffer) by extension 'ignore_ament_install'
[0.482s] Level 1:colcon.colcon_core.package_identification:_identify(gstream/webRTC/node_modules/buffer) by extensions ['colcon_pkg']
[0.482s] Level 1:colcon.colcon_core.package_identification:_identify(gstream/webRTC/node_modules/buffer) by extension 'colcon_pkg'
[0.482s] Level 1:colcon.colcon_core.package_identification:_identify(gstream/webRTC/node_modules/buffer) by extensions ['colcon_meta']
[0.482s] Level 1:colcon.colcon_core.package_identification:_identify(gstream/webRTC/node_modules/buffer) by extension 'colcon_meta'
[0.482s] Level 1:colcon.colcon_core.package_identification:_identify(gstream/webRTC/node_modules/buffer) by extensions ['ros']
[0.482s] Level 1:colcon.colcon_core.package_identification:_identify(gstream/webRTC/node_modules/buffer) by extension 'ros'
[0.482s] Level 1:colcon.colcon_core.package_identification:_identify(gstream/webRTC/node_modules/buffer) by extensions ['cmake', 'python']
[0.482s] Level 1:colcon.colcon_core.package_identification:_identify(gstream/webRTC/node_modules/buffer) by extension 'cmake'
[0.482s] Level 1:colcon.colcon_core.package_identification:_identify(gstream/webRTC/node_modules/buffer) by extension 'python'
[0.482s] Level 1:colcon.colcon_core.package_identification:_identify(gstream/webRTC/node_modules/buffer) by extensions ['python_setup_py']
[0.482s] Level 1:colcon.colcon_core.package_identification:_identify(gstream/webRTC/node_modules/buffer) by extension 'python_setup_py'
[0.482s] Level 1:colcon.colcon_core.package_identification:_identify(gstream/webRTC/node_modules/debug) by extensions ['ignore', 'ignore_ament_install']
[0.482s] Level 1:colcon.colcon_core.package_identification:_identify(gstream/webRTC/node_modules/debug) by extension 'ignore'
[0.483s] Level 1:colcon.colcon_core.package_identification:_identify(gstream/webRTC/node_modules/debug) by extension 'ignore_ament_install'
[0.483s] Level 1:colcon.colcon_core.package_identification:_identify(gstream/webRTC/node_modules/debug) by extensions ['colcon_pkg']
[0.483s] Level 1:colcon.colcon_core.package_identification:_identify(gstream/webRTC/node_modules/debug) by extension 'colcon_pkg'
[0.483s] Level 1:colcon.colcon_core.package_identification:_identify(gstream/webRTC/node_modules/debug) by extensions ['colcon_meta']
[0.483s] Level 1:colcon.colcon_core.package_identification:_identify(gstream/webRTC/node_modules/debug) by extension 'colcon_meta'
[0.483s] Level 1:colcon.colcon_core.package_identification:_identify(gstream/webRTC/node_modules/debug) by extensions ['ros']
[0.483s] Level 1:colcon.colcon_core.package_identification:_identify(gstream/webRTC/node_modules/debug) by extension 'ros'
[0.483s] Level 1:colcon.colcon_core.package_identification:_identify(gstream/webRTC/node_modules/debug) by extensions ['cmake', 'python']
[0.483s] Level 1:colcon.colcon_core.package_identification:_identify(gstream/webRTC/node_modules/debug) by extension 'cmake'
[0.483s] Level 1:colcon.colcon_core.package_identification:_identify(gstream/webRTC/node_modules/debug) by extension 'python'
[0.483s] Level 1:colcon.colcon_core.package_identification:_identify(gstream/webRTC/node_modules/debug) by extensions ['python_setup_py']
[0.483s] Level 1:colcon.colcon_core.package_identification:_identify(gstream/webRTC/node_modules/debug) by extension 'python_setup_py'
[0.483s] Level 1:colcon.colcon_core.package_identification:_identify(gstream/webRTC/node_modules/debug/src) by extensions ['ignore', 'ignore_ament_install']
[0.483s] Level 1:colcon.colcon_core.package_identification:_identify(gstream/webRTC/node_modules/debug/src) by extension 'ignore'
[0.483s] Level 1:colcon.colcon_core.package_identification:_identify(gstream/webRTC/node_modules/debug/src) by extension 'ignore_ament_install'
[0.483s] Level 1:colcon.colcon_core.package_identification:_identify(gstream/webRTC/node_modules/debug/src) by extensions ['colcon_pkg']
[0.483s] Level 1:colcon.colcon_core.package_identification:_identify(gstream/webRTC/node_modules/debug/src) by extension 'colcon_pkg'
[0.484s] Level 1:colcon.colcon_core.package_identification:_identify(gstream/webRTC/node_modules/debug/src) by extensions ['colcon_meta']
[0.484s] Level 1:colcon.colcon_core.package_identification:_identify(gstream/webRTC/node_modules/debug/src) by extension 'colcon_meta'
[0.484s] Level 1:colcon.colcon_core.package_identification:_identify(gstream/webRTC/node_modules/debug/src) by extensions ['ros']
[0.484s] Level 1:colcon.colcon_core.package_identification:_identify(gstream/webRTC/node_modules/debug/src) by extension 'ros'
[0.484s] Level 1:colcon.colcon_core.package_identification:_identify(gstream/webRTC/node_modules/debug/src) by extensions ['cmake', 'python']
[0.484s] Level 1:colcon.colcon_core.package_identification:_identify(gstream/webRTC/node_modules/debug/src) by extension 'cmake'
[0.484s] Level 1:colcon.colcon_core.package_identification:_identify(gstream/webRTC/node_modules/debug/src) by extension 'python'
[0.484s] Level 1:colcon.colcon_core.package_identification:_identify(gstream/webRTC/node_modules/debug/src) by extensions ['python_setup_py']
[0.484s] Level 1:colcon.colcon_core.package_identification:_identify(gstream/webRTC/node_modules/debug/src) by extension 'python_setup_py'
[0.484s] Level 1:colcon.colcon_core.package_identification:_identify(gstream/webRTC/node_modules/err-code) by extensions ['ignore', 'ignore_ament_install']
[0.484s] Level 1:colcon.colcon_core.package_identification:_identify(gstream/webRTC/node_modules/err-code) by extension 'ignore'
[0.484s] Level 1:colcon.colcon_core.package_identification:_identify(gstream/webRTC/node_modules/err-code) by extension 'ignore_ament_install'
[0.484s] Level 1:colcon.colcon_core.package_identification:_identify(gstream/webRTC/node_modules/err-code) by extensions ['colcon_pkg']
[0.484s] Level 1:colcon.colcon_core.package_identification:_identify(gstream/webRTC/node_modules/err-code) by extension 'colcon_pkg'
[0.484s] Level 1:colcon.colcon_core.package_identification:_identify(gstream/webRTC/node_modules/err-code) by extensions ['colcon_meta']
[0.484s] Level 1:colcon.colcon_core.package_identification:_identify(gstream/webRTC/node_modules/err-code) by extension 'colcon_meta'
[0.485s] Level 1:colcon.colcon_core.package_identification:_identify(gstream/webRTC/node_modules/err-code) by extensions ['ros']
[0.485s] Level 1:colcon.colcon_core.package_identification:_identify(gstream/webRTC/node_modules/err-code) by extension 'ros'
[0.485s] Level 1:colcon.colcon_core.package_identification:_identify(gstream/webRTC/node_modules/err-code) by extensions ['cmake', 'python']
[0.485s] Level 1:colcon.colcon_core.package_identification:_identify(gstream/webRTC/node_modules/err-code) by extension 'cmake'
[0.485s] Level 1:colcon.colcon_core.package_identification:_identify(gstream/webRTC/node_modules/err-code) by extension 'python'
[0.485s] Level 1:colcon.colcon_core.package_identification:_identify(gstream/webRTC/node_modules/err-code) by extensions ['python_setup_py']
[0.485s] Level 1:colcon.colcon_core.package_identification:_identify(gstream/webRTC/node_modules/err-code) by extension 'python_setup_py'
[0.485s] Level 1:colcon.colcon_core.package_identification:_identify(gstream/webRTC/node_modules/err-code/dist) by extensions ['ignore', 'ignore_ament_install']
[0.485s] Level 1:colcon.colcon_core.package_identification:_identify(gstream/webRTC/node_modules/err-code/dist) by extension 'ignore'
[0.485s] Level 1:colcon.colcon_core.package_identification:_identify(gstream/webRTC/node_modules/err-code/dist) by extension 'ignore_ament_install'
[0.485s] Level 1:colcon.colcon_core.package_identification:_identify(gstream/webRTC/node_modules/err-code/dist) by extensions ['colcon_pkg']
[0.485s] Level 1:colcon.colcon_core.package_identification:_identify(gstream/webRTC/node_modules/err-code/dist) by extension 'colcon_pkg'
[0.485s] Level 1:colcon.colcon_core.package_identification:_identify(gstream/webRTC/node_modules/err-code/dist) by extensions ['colcon_meta']
[0.485s] Level 1:colcon.colcon_core.package_identification:_identify(gstream/webRTC/node_modules/err-code/dist) by extension 'colcon_meta'
[0.486s] Level 1:colcon.colcon_core.package_identification:_identify(gstream/webRTC/node_modules/err-code/dist) by extensions ['ros']
[0.486s] Level 1:colcon.colcon_core.package_identification:_identify(gstream/webRTC/node_modules/err-code/dist) by extension 'ros'
[0.486s] Level 1:colcon.colcon_core.package_identification:_identify(gstream/webRTC/node_modules/err-code/dist) by extensions ['cmake', 'python']
[0.486s] Level 1:colcon.colcon_core.package_identification:_identify(gstream/webRTC/node_modules/err-code/dist) by extension 'cmake'
[0.486s] Level 1:colcon.colcon_core.package_identification:_identify(gstream/webRTC/node_modules/err-code/dist) by extension 'python'
[0.486s] Level 1:colcon.colcon_core.package_identification:_identify(gstream/webRTC/node_modules/err-code/dist) by extensions ['python_setup_py']
[0.486s] Level 1:colcon.colcon_core.package_identification:_identify(gstream/webRTC/node_modules/err-code/dist) by extension 'python_setup_py'
[0.486s] Level 1:colcon.colcon_core.package_identification:_identify(gstream/webRTC/node_modules/get-browser-rtc) by extensions ['ignore', 'ignore_ament_install']
[0.486s] Level 1:colcon.colcon_core.package_identification:_identify(gstream/webRTC/node_modules/get-browser-rtc) by extension 'ignore'
[0.486s] Level 1:colcon.colcon_core.package_identification:_identify(gstream/webRTC/node_modules/get-browser-rtc) by extension 'ignore_ament_install'
[0.486s] Level 1:colcon.colcon_core.package_identification:_identify(gstream/webRTC/node_modules/get-browser-rtc) by extensions ['colcon_pkg']
[0.486s] Level 1:colcon.colcon_core.package_identification:_identify(gstream/webRTC/node_modules/get-browser-rtc) by extension 'colcon_pkg'
[0.486s] Level 1:colcon.colcon_core.package_identification:_identify(gstream/webRTC/node_modules/get-browser-rtc) by extensions ['colcon_meta']
[0.486s] Level 1:colcon.colcon_core.package_identification:_identify(gstream/webRTC/node_modules/get-browser-rtc) by extension 'colcon_meta'
[0.486s] Level 1:colcon.colcon_core.package_identification:_identify(gstream/webRTC/node_modules/get-browser-rtc) by extensions ['ros']
[0.486s] Level 1:colcon.colcon_core.package_identification:_identify(gstream/webRTC/node_modules/get-browser-rtc) by extension 'ros'
[0.487s] Level 1:colcon.colcon_core.package_identification:_identify(gstream/webRTC/node_modules/get-browser-rtc) by extensions ['cmake', 'python']
[0.487s] Level 1:colcon.colcon_core.package_identification:_identify(gstream/webRTC/node_modules/get-browser-rtc) by extension 'cmake'
[0.487s] Level 1:colcon.colcon_core.package_identification:_identify(gstream/webRTC/node_modules/get-browser-rtc) by extension 'python'
[0.487s] Level 1:colcon.colcon_core.package_identification:_identify(gstream/webRTC/node_modules/get-browser-rtc) by extensions ['python_setup_py']
[0.487s] Level 1:colcon.colcon_core.package_identification:_identify(gstream/webRTC/node_modules/get-browser-rtc) by extension 'python_setup_py'
[0.487s] Level 1:colcon.colcon_core.package_identification:_identify(gstream/webRTC/node_modules/ieee754) by extensions ['ignore', 'ignore_ament_install']
[0.487s] Level 1:colcon.colcon_core.package_identification:_identify(gstream/webRTC/node_modules/ieee754) by extension 'ignore'
[0.487s] Level 1:colcon.colcon_core.package_identification:_identify(gstream/webRTC/node_modules/ieee754) by extension 'ignore_ament_install'
[0.487s] Level 1:colcon.colcon_core.package_identification:_identify(gstream/webRTC/node_modules/ieee754) by extensions ['colcon_pkg']
[0.487s] Level 1:colcon.colcon_core.package_identification:_identify(gstream/webRTC/node_modules/ieee754) by extension 'colcon_pkg'
[0.487s] Level 1:colcon.colcon_core.package_identification:_identify(gstream/webRTC/node_modules/ieee754) by extensions ['colcon_meta']
[0.487s] Level 1:colcon.colcon_core.package_identification:_identify(gstream/webRTC/node_modules/ieee754) by extension 'colcon_meta'
[0.487s] Level 1:colcon.colcon_core.package_identification:_identify(gstream/webRTC/node_modules/ieee754) by extensions ['ros']
[0.487s] Level 1:colcon.colcon_core.package_identification:_identify(gstream/webRTC/node_modules/ieee754) by extension 'ros'
[0.487s] Level 1:colcon.colcon_core.package_identification:_identify(gstream/webRTC/node_modules/ieee754) by extensions ['cmake', 'python']
[0.487s] Level 1:colcon.colcon_core.package_identification:_identify(gstream/webRTC/node_modules/ieee754) by extension 'cmake'
[0.487s] Level 1:colcon.colcon_core.package_identification:_identify(gstream/webRTC/node_modules/ieee754) by extension 'python'
[0.488s] Level 1:colcon.colcon_core.package_identification:_identify(gstream/webRTC/node_modules/ieee754) by extensions ['python_setup_py']
[0.488s] Level 1:colcon.colcon_core.package_identification:_identify(gstream/webRTC/node_modules/ieee754) by extension 'python_setup_py'
[0.488s] Level 1:colcon.colcon_core.package_identification:_identify(gstream/webRTC/node_modules/inherits) by extensions ['ignore', 'ignore_ament_install']
[0.488s] Level 1:colcon.colcon_core.package_identification:_identify(gstream/webRTC/node_modules/inherits) by extension 'ignore'
[0.488s] Level 1:colcon.colcon_core.package_identification:_identify(gstream/webRTC/node_modules/inherits) by extension 'ignore_ament_install'
[0.488s] Level 1:colcon.colcon_core.package_identification:_identify(gstream/webRTC/node_modules/inherits) by extensions ['colcon_pkg']
[0.488s] Level 1:colcon.colcon_core.package_identification:_identify(gstream/webRTC/node_modules/inherits) by extension 'colcon_pkg'
[0.488s] Level 1:colcon.colcon_core.package_identification:_identify(gstream/webRTC/node_modules/inherits) by extensions ['colcon_meta']
[0.488s] Level 1:colcon.colcon_core.package_identification:_identify(gstream/webRTC/node_modules/inherits) by extension 'colcon_meta'
[0.488s] Level 1:colcon.colcon_core.package_identification:_identify(gstream/webRTC/node_modules/inherits) by extensions ['ros']
[0.488s] Level 1:colcon.colcon_core.package_identification:_identify(gstream/webRTC/node_modules/inherits) by extension 'ros'
[0.488s] Level 1:colcon.colcon_core.package_identification:_identify(gstream/webRTC/node_modules/inherits) by extensions ['cmake', 'python']
[0.488s] Level 1:colcon.colcon_core.package_identification:_identify(gstream/webRTC/node_modules/inherits) by extension 'cmake'
[0.488s] Level 1:colcon.colcon_core.package_identification:_identify(gstream/webRTC/node_modules/inherits) by extension 'python'
[0.488s] Level 1:colcon.colcon_core.package_identification:_identify(gstream/webRTC/node_modules/inherits) by extensions ['python_setup_py']
[0.488s] Level 1:colcon.colcon_core.package_identification:_identify(gstream/webRTC/node_modules/inherits) by extension 'python_setup_py'
[0.489s] Level 1:colcon.colcon_core.package_identification:_identify(gstream/webRTC/node_modules/ms) by extensions ['ignore', 'ignore_ament_install']
[0.489s] Level 1:colcon.colcon_core.package_identification:_identify(gstream/webRTC/node_modules/ms) by extension 'ignore'
[0.489s] Level 1:colcon.colcon_core.package_identification:_identify(gstream/webRTC/node_modules/ms) by extension 'ignore_ament_install'
[0.489s] Level 1:colcon.colcon_core.package_identification:_identify(gstream/webRTC/node_modules/ms) by extensions ['colcon_pkg']
[0.489s] Level 1:colcon.colcon_core.package_identification:_identify(gstream/webRTC/node_modules/ms) by extension 'colcon_pkg'
[0.489s] Level 1:colcon.colcon_core.package_identification:_identify(gstream/webRTC/node_modules/ms) by extensions ['colcon_meta']
[0.489s] Level 1:colcon.colcon_core.package_identification:_identify(gstream/webRTC/node_modules/ms) by extension 'colcon_meta'
[0.489s] Level 1:colcon.colcon_core.package_identification:_identify(gstream/webRTC/node_modules/ms) by extensions ['ros']
[0.489s] Level 1:colcon.colcon_core.package_identification:_identify(gstream/webRTC/node_modules/ms) by extension 'ros'
[0.489s] Level 1:colcon.colcon_core.package_identification:_identify(gstream/webRTC/node_modules/ms) by extensions ['cmake', 'python']
[0.489s] Level 1:colcon.colcon_core.package_identification:_identify(gstream/webRTC/node_modules/ms) by extension 'cmake'
[0.489s] Level 1:colcon.colcon_core.package_identification:_identify(gstream/webRTC/node_modules/ms) by extension 'python'
[0.489s] Level 1:colcon.colcon_core.package_identification:_identify(gstream/webRTC/node_modules/ms) by extensions ['python_setup_py']
[0.489s] Level 1:colcon.colcon_core.package_identification:_identify(gstream/webRTC/node_modules/ms) by extension 'python_setup_py'
[0.490s] Level 1:colcon.colcon_core.package_identification:_identify(gstream/webRTC/node_modules/queue-microtask) by extensions ['ignore', 'ignore_ament_install']
[0.490s] Level 1:colcon.colcon_core.package_identification:_identify(gstream/webRTC/node_modules/queue-microtask) by extension 'ignore'
[0.490s] Level 1:colcon.colcon_core.package_identification:_identify(gstream/webRTC/node_modules/queue-microtask) by extension 'ignore_ament_install'
[0.490s] Level 1:colcon.colcon_core.package_identification:_identify(gstream/webRTC/node_modules/queue-microtask) by extensions ['colcon_pkg']
[0.490s] Level 1:colcon.colcon_core.package_identification:_identify(gstream/webRTC/node_modules/queue-microtask) by extension 'colcon_pkg'
[0.490s] Level 1:colcon.colcon_core.package_identification:_identify(gstream/webRTC/node_modules/queue-microtask) by extensions ['colcon_meta']
[0.490s] Level 1:colcon.colcon_core.package_identification:_identify(gstream/webRTC/node_modules/queue-microtask) by extension 'colcon_meta'
[0.490s] Level 1:colcon.colcon_core.package_identification:_identify(gstream/webRTC/node_modules/queue-microtask) by extensions ['ros']
[0.490s] Level 1:colcon.colcon_core.package_identification:_identify(gstream/webRTC/node_modules/queue-microtask) by extension 'ros'
[0.490s] Level 1:colcon.colcon_core.package_identification:_identify(gstream/webRTC/node_modules/queue-microtask) by extensions ['cmake', 'python']
[0.490s] Level 1:colcon.colcon_core.package_identification:_identify(gstream/webRTC/node_modules/queue-microtask) by extension 'cmake'
[0.490s] Level 1:colcon.colcon_core.package_identification:_identify(gstream/webRTC/node_modules/queue-microtask) by extension 'python'
[0.490s] Level 1:colcon.colcon_core.package_identification:_identify(gstream/webRTC/node_modules/queue-microtask) by extensions ['python_setup_py']
[0.490s] Level 1:colcon.colcon_core.package_identification:_identify(gstream/webRTC/node_modules/queue-microtask) by extension 'python_setup_py'
[0.490s] Level 1:colcon.colcon_core.package_identification:_identify(gstream/webRTC/node_modules/randombytes) by extensions ['ignore', 'ignore_ament_install']
[0.491s] Level 1:colcon.colcon_core.package_identification:_identify(gstream/webRTC/node_modules/randombytes) by extension 'ignore'
[0.491s] Level 1:colcon.colcon_core.package_identification:_identify(gstream/webRTC/node_modules/randombytes) by extension 'ignore_ament_install'
[0.491s] Level 1:colcon.colcon_core.package_identification:_identify(gstream/webRTC/node_modules/randombytes) by extensions ['colcon_pkg']
[0.491s] Level 1:colcon.colcon_core.package_identification:_identify(gstream/webRTC/node_modules/randombytes) by extension 'colcon_pkg'
[0.491s] Level 1:colcon.colcon_core.package_identification:_identify(gstream/webRTC/node_modules/randombytes) by extensions ['colcon_meta']
[0.491s] Level 1:colcon.colcon_core.package_identification:_identify(gstream/webRTC/node_modules/randombytes) by extension 'colcon_meta'
[0.491s] Level 1:colcon.colcon_core.package_identification:_identify(gstream/webRTC/node_modules/randombytes) by extensions ['ros']
[0.491s] Level 1:colcon.colcon_core.package_identification:_identify(gstream/webRTC/node_modules/randombytes) by extension 'ros'
[0.491s] Level 1:colcon.colcon_core.package_identification:_identify(gstream/webRTC/node_modules/randombytes) by extensions ['cmake', 'python']
[0.491s] Level 1:colcon.colcon_core.package_identification:_identify(gstream/webRTC/node_modules/randombytes) by extension 'cmake'
[0.491s] Level 1:colcon.colcon_core.package_identification:_identify(gstream/webRTC/node_modules/randombytes) by extension 'python'
[0.491s] Level 1:colcon.colcon_core.package_identification:_identify(gstream/webRTC/node_modules/randombytes) by extensions ['python_setup_py']
[0.491s] Level 1:colcon.colcon_core.package_identification:_identify(gstream/webRTC/node_modules/randombytes) by extension 'python_setup_py'
[0.491s] Level 1:colcon.colcon_core.package_identification:_identify(gstream/webRTC/node_modules/readable-stream) by extensions ['ignore', 'ignore_ament_install']
[0.491s] Level 1:colcon.colcon_core.package_identification:_identify(gstream/webRTC/node_modules/readable-stream) by extension 'ignore'
[0.492s] Level 1:colcon.colcon_core.package_identification:_identify(gstream/webRTC/node_modules/readable-stream) by extension 'ignore_ament_install'
[0.492s] Level 1:colcon.colcon_core.package_identification:_identify(gstream/webRTC/node_modules/readable-stream) by extensions ['colcon_pkg']
[0.492s] Level 1:colcon.colcon_core.package_identification:_identify(gstream/webRTC/node_modules/readable-stream) by extension 'colcon_pkg'
[0.492s] Level 1:colcon.colcon_core.package_identification:_identify(gstream/webRTC/node_modules/readable-stream) by extensions ['colcon_meta']
[0.492s] Level 1:colcon.colcon_core.package_identification:_identify(gstream/webRTC/node_modules/readable-stream) by extension 'colcon_meta'
[0.492s] Level 1:colcon.colcon_core.package_identification:_identify(gstream/webRTC/node_modules/readable-stream) by extensions ['ros']
[0.492s] Level 1:colcon.colcon_core.package_identification:_identify(gstream/webRTC/node_modules/readable-stream) by extension 'ros'
[0.492s] Level 1:colcon.colcon_core.package_identification:_identify(gstream/webRTC/node_modules/readable-stream) by extensions ['cmake', 'python']
[0.492s] Level 1:colcon.colcon_core.package_identification:_identify(gstream/webRTC/node_modules/readable-stream) by extension 'cmake'
[0.492s] Level 1:colcon.colcon_core.package_identification:_identify(gstream/webRTC/node_modules/readable-stream) by extension 'python'
[0.492s] Level 1:colcon.colcon_core.package_identification:_identify(gstream/webRTC/node_modules/readable-stream) by extensions ['python_setup_py']
[0.492s] Level 1:colcon.colcon_core.package_identification:_identify(gstream/webRTC/node_modules/readable-stream) by extension 'python_setup_py'
[0.492s] Level 1:colcon.colcon_core.package_identification:_identify(gstream/webRTC/node_modules/readable-stream/lib) by extensions ['ignore', 'ignore_ament_install']
[0.492s] Level 1:colcon.colcon_core.package_identification:_identify(gstream/webRTC/node_modules/readable-stream/lib) by extension 'ignore'
[0.492s] Level 1:colcon.colcon_core.package_identification:_identify(gstream/webRTC/node_modules/readable-stream/lib) by extension 'ignore_ament_install'
[0.493s] Level 1:colcon.colcon_core.package_identification:_identify(gstream/webRTC/node_modules/readable-stream/lib) by extensions ['colcon_pkg']
[0.493s] Level 1:colcon.colcon_core.package_identification:_identify(gstream/webRTC/node_modules/readable-stream/lib) by extension 'colcon_pkg'
[0.493s] Level 1:colcon.colcon_core.package_identification:_identify(gstream/webRTC/node_modules/readable-stream/lib) by extensions ['colcon_meta']
[0.493s] Level 1:colcon.colcon_core.package_identification:_identify(gstream/webRTC/node_modules/readable-stream/lib) by extension 'colcon_meta'
[0.493s] Level 1:colcon.colcon_core.package_identification:_identify(gstream/webRTC/node_modules/readable-stream/lib) by extensions ['ros']
[0.493s] Level 1:colcon.colcon_core.package_identification:_identify(gstream/webRTC/node_modules/readable-stream/lib) by extension 'ros'
[0.493s] Level 1:colcon.colcon_core.package_identification:_identify(gstream/webRTC/node_modules/readable-stream/lib) by extensions ['cmake', 'python']
[0.493s] Level 1:colcon.colcon_core.package_identification:_identify(gstream/webRTC/node_modules/readable-stream/lib) by extension 'cmake'
[0.493s] Level 1:colcon.colcon_core.package_identification:_identify(gstream/webRTC/node_modules/readable-stream/lib) by extension 'python'
[0.493s] Level 1:colcon.colcon_core.package_identification:_identify(gstream/webRTC/node_modules/readable-stream/lib) by extensions ['python_setup_py']
[0.493s] Level 1:colcon.colcon_core.package_identification:_identify(gstream/webRTC/node_modules/readable-stream/lib) by extension 'python_setup_py'
[0.493s] Level 1:colcon.colcon_core.package_identification:_identify(gstream/webRTC/node_modules/readable-stream/lib/internal) by extensions ['ignore', 'ignore_ament_install']
[0.493s] Level 1:colcon.colcon_core.package_identification:_identify(gstream/webRTC/node_modules/readable-stream/lib/internal) by extension 'ignore'
[0.493s] Level 1:colcon.colcon_core.package_identification:_identify(gstream/webRTC/node_modules/readable-stream/lib/internal) by extension 'ignore_ament_install'
[0.494s] Level 1:colcon.colcon_core.package_identification:_identify(gstream/webRTC/node_modules/readable-stream/lib/internal) by extensions ['colcon_pkg']
[0.494s] Level 1:colcon.colcon_core.package_identification:_identify(gstream/webRTC/node_modules/readable-stream/lib/internal) by extension 'colcon_pkg'
[0.494s] Level 1:colcon.colcon_core.package_identification:_identify(gstream/webRTC/node_modules/readable-stream/lib/internal) by extensions ['colcon_meta']
[0.494s] Level 1:colcon.colcon_core.package_identification:_identify(gstream/webRTC/node_modules/readable-stream/lib/internal) by extension 'colcon_meta'
[0.494s] Level 1:colcon.colcon_core.package_identification:_identify(gstream/webRTC/node_modules/readable-stream/lib/internal) by extensions ['ros']
[0.494s] Level 1:colcon.colcon_core.package_identification:_identify(gstream/webRTC/node_modules/readable-stream/lib/internal) by extension 'ros'
[0.494s] Level 1:colcon.colcon_core.package_identification:_identify(gstream/webRTC/node_modules/readable-stream/lib/internal) by extensions ['cmake', 'python']
[0.494s] Level 1:colcon.colcon_core.package_identification:_identify(gstream/webRTC/node_modules/readable-stream/lib/internal) by extension 'cmake'
[0.494s] Level 1:colcon.colcon_core.package_identification:_identify(gstream/webRTC/node_modules/readable-stream/lib/internal) by extension 'python'
[0.494s] Level 1:colcon.colcon_core.package_identification:_identify(gstream/webRTC/node_modules/readable-stream/lib/internal) by extensions ['python_setup_py']
[0.494s] Level 1:colcon.colcon_core.package_identification:_identify(gstream/webRTC/node_modules/readable-stream/lib/internal) by extension 'python_setup_py'
[0.494s] Level 1:colcon.colcon_core.package_identification:_identify(gstream/webRTC/node_modules/readable-stream/lib/internal/streams) by extensions ['ignore', 'ignore_ament_install']
[0.494s] Level 1:colcon.colcon_core.package_identification:_identify(gstream/webRTC/node_modules/readable-stream/lib/internal/streams) by extension 'ignore'
[0.494s] Level 1:colcon.colcon_core.package_identification:_identify(gstream/webRTC/node_modules/readable-stream/lib/internal/streams) by extension 'ignore_ament_install'
[0.494s] Level 1:colcon.colcon_core.package_identification:_identify(gstream/webRTC/node_modules/readable-stream/lib/internal/streams) by extensions ['colcon_pkg']
[0.494s] Level 1:colcon.colcon_core.package_identification:_identify(gstream/webRTC/node_modules/readable-stream/lib/internal/streams) by extension 'colcon_pkg'
[0.494s] Level 1:colcon.colcon_core.package_identification:_identify(gstream/webRTC/node_modules/readable-stream/lib/internal/streams) by extensions ['colcon_meta']
[0.495s] Level 1:colcon.colcon_core.package_identification:_identify(gstream/webRTC/node_modules/readable-stream/lib/internal/streams) by extension 'colcon_meta'
[0.495s] Level 1:colcon.colcon_core.package_identification:_identify(gstream/webRTC/node_modules/readable-stream/lib/internal/streams) by extensions ['ros']
[0.495s] Level 1:colcon.colcon_core.package_identification:_identify(gstream/webRTC/node_modules/readable-stream/lib/internal/streams) by extension 'ros'
[0.495s] Level 1:colcon.colcon_core.package_identification:_identify(gstream/webRTC/node_modules/readable-stream/lib/internal/streams) by extensions ['cmake', 'python']
[0.495s] Level 1:colcon.colcon_core.package_identification:_identify(gstream/webRTC/node_modules/readable-stream/lib/internal/streams) by extension 'cmake'
[0.495s] Level 1:colcon.colcon_core.package_identification:_identify(gstream/webRTC/node_modules/readable-stream/lib/internal/streams) by extension 'python'
[0.495s] Level 1:colcon.colcon_core.package_identification:_identify(gstream/webRTC/node_modules/readable-stream/lib/internal/streams) by extensions ['python_setup_py']
[0.495s] Level 1:colcon.colcon_core.package_identification:_identify(gstream/webRTC/node_modules/readable-stream/lib/internal/streams) by extension 'python_setup_py'
[0.495s] Level 1:colcon.colcon_core.package_identification:_identify(gstream/webRTC/node_modules/safe-buffer) by extensions ['ignore', 'ignore_ament_install']
[0.495s] Level 1:colcon.colcon_core.package_identification:_identify(gstream/webRTC/node_modules/safe-buffer) by extension 'ignore'
[0.495s] Level 1:colcon.colcon_core.package_identification:_identify(gstream/webRTC/node_modules/safe-buffer) by extension 'ignore_ament_install'
[0.495s] Level 1:colcon.colcon_core.package_identification:_identify(gstream/webRTC/node_modules/safe-buffer) by extensions ['colcon_pkg']
[0.495s] Level 1:colcon.colcon_core.package_identification:_identify(gstream/webRTC/node_modules/safe-buffer) by extension 'colcon_pkg'
[0.495s] Level 1:colcon.colcon_core.package_identification:_identify(gstream/webRTC/node_modules/safe-buffer) by extensions ['colcon_meta']
[0.495s] Level 1:colcon.colcon_core.package_identification:_identify(gstream/webRTC/node_modules/safe-buffer) by extension 'colcon_meta'
[0.495s] Level 1:colcon.colcon_core.package_identification:_identify(gstream/webRTC/node_modules/safe-buffer) by extensions ['ros']
[0.495s] Level 1:colcon.colcon_core.package_identification:_identify(gstream/webRTC/node_modules/safe-buffer) by extension 'ros'
[0.496s] Level 1:colcon.colcon_core.package_identification:_identify(gstream/webRTC/node_modules/safe-buffer) by extensions ['cmake', 'python']
[0.496s] Level 1:colcon.colcon_core.package_identification:_identify(gstream/webRTC/node_modules/safe-buffer) by extension 'cmake'
[0.496s] Level 1:colcon.colcon_core.package_identification:_identify(gstream/webRTC/node_modules/safe-buffer) by extension 'python'
[0.496s] Level 1:colcon.colcon_core.package_identification:_identify(gstream/webRTC/node_modules/safe-buffer) by extensions ['python_setup_py']
[0.496s] Level 1:colcon.colcon_core.package_identification:_identify(gstream/webRTC/node_modules/safe-buffer) by extension 'python_setup_py'
[0.496s] Level 1:colcon.colcon_core.package_identification:_identify(gstream/webRTC/node_modules/simple-peer) by extensions ['ignore', 'ignore_ament_install']
[0.496s] Level 1:colcon.colcon_core.package_identification:_identify(gstream/webRTC/node_modules/simple-peer) by extension 'ignore'
[0.496s] Level 1:colcon.colcon_core.package_identification:_identify(gstream/webRTC/node_modules/simple-peer) by extension 'ignore_ament_install'
[0.496s] Level 1:colcon.colcon_core.package_identification:_identify(gstream/webRTC/node_modules/simple-peer) by extensions ['colcon_pkg']
[0.496s] Level 1:colcon.colcon_core.package_identification:_identify(gstream/webRTC/node_modules/simple-peer) by extension 'colcon_pkg'
[0.496s] Level 1:colcon.colcon_core.package_identification:_identify(gstream/webRTC/node_modules/simple-peer) by extensions ['colcon_meta']
[0.496s] Level 1:colcon.colcon_core.package_identification:_identify(gstream/webRTC/node_modules/simple-peer) by extension 'colcon_meta'
[0.496s] Level 1:colcon.colcon_core.package_identification:_identify(gstream/webRTC/node_modules/simple-peer) by extensions ['ros']
[0.496s] Level 1:colcon.colcon_core.package_identification:_identify(gstream/webRTC/node_modules/simple-peer) by extension 'ros'
[0.496s] Level 1:colcon.colcon_core.package_identification:_identify(gstream/webRTC/node_modules/simple-peer) by extensions ['cmake', 'python']
[0.496s] Level 1:colcon.colcon_core.package_identification:_identify(gstream/webRTC/node_modules/simple-peer) by extension 'cmake'
[0.496s] Level 1:colcon.colcon_core.package_identification:_identify(gstream/webRTC/node_modules/simple-peer) by extension 'python'
[0.497s] Level 1:colcon.colcon_core.package_identification:_identify(gstream/webRTC/node_modules/simple-peer) by extensions ['python_setup_py']
[0.497s] Level 1:colcon.colcon_core.package_identification:_identify(gstream/webRTC/node_modules/simple-peer) by extension 'python_setup_py'
[0.497s] Level 1:colcon.colcon_core.package_identification:_identify(gstream/webRTC/node_modules/string_decoder) by extensions ['ignore', 'ignore_ament_install']
[0.497s] Level 1:colcon.colcon_core.package_identification:_identify(gstream/webRTC/node_modules/string_decoder) by extension 'ignore'
[0.497s] Level 1:colcon.colcon_core.package_identification:_identify(gstream/webRTC/node_modules/string_decoder) by extension 'ignore_ament_install'
[0.497s] Level 1:colcon.colcon_core.package_identification:_identify(gstream/webRTC/node_modules/string_decoder) by extensions ['colcon_pkg']
[0.497s] Level 1:colcon.colcon_core.package_identification:_identify(gstream/webRTC/node_modules/string_decoder) by extension 'colcon_pkg'
[0.497s] Level 1:colcon.colcon_core.package_identification:_identify(gstream/webRTC/node_modules/string_decoder) by extensions ['colcon_meta']
[0.497s] Level 1:colcon.colcon_core.package_identification:_identify(gstream/webRTC/node_modules/string_decoder) by extension 'colcon_meta'
[0.497s] Level 1:colcon.colcon_core.package_identification:_identify(gstream/webRTC/node_modules/string_decoder) by extensions ['ros']
[0.497s] Level 1:colcon.colcon_core.package_identification:_identify(gstream/webRTC/node_modules/string_decoder) by extension 'ros'
[0.497s] Level 1:colcon.colcon_core.package_identification:_identify(gstream/webRTC/node_modules/string_decoder) by extensions ['cmake', 'python']
[0.497s] Level 1:colcon.colcon_core.package_identification:_identify(gstream/webRTC/node_modules/string_decoder) by extension 'cmake'
[0.497s] Level 1:colcon.colcon_core.package_identification:_identify(gstream/webRTC/node_modules/string_decoder) by extension 'python'
[0.498s] Level 1:colcon.colcon_core.package_identification:_identify(gstream/webRTC/node_modules/string_decoder) by extensions ['python_setup_py']
[0.498s] Level 1:colcon.colcon_core.package_identification:_identify(gstream/webRTC/node_modules/string_decoder) by extension 'python_setup_py'
[0.498s] Level 1:colcon.colcon_core.package_identification:_identify(gstream/webRTC/node_modules/string_decoder/lib) by extensions ['ignore', 'ignore_ament_install']
[0.498s] Level 1:colcon.colcon_core.package_identification:_identify(gstream/webRTC/node_modules/string_decoder/lib) by extension 'ignore'
[0.498s] Level 1:colcon.colcon_core.package_identification:_identify(gstream/webRTC/node_modules/string_decoder/lib) by extension 'ignore_ament_install'
[0.498s] Level 1:colcon.colcon_core.package_identification:_identify(gstream/webRTC/node_modules/string_decoder/lib) by extensions ['colcon_pkg']
[0.498s] Level 1:colcon.colcon_core.package_identification:_identify(gstream/webRTC/node_modules/string_decoder/lib) by extension 'colcon_pkg'
[0.498s] Level 1:colcon.colcon_core.package_identification:_identify(gstream/webRTC/node_modules/string_decoder/lib) by extensions ['colcon_meta']
[0.498s] Level 1:colcon.colcon_core.package_identification:_identify(gstream/webRTC/node_modules/string_decoder/lib) by extension 'colcon_meta'
[0.498s] Level 1:colcon.colcon_core.package_identification:_identify(gstream/webRTC/node_modules/string_decoder/lib) by extensions ['ros']
[0.498s] Level 1:colcon.colcon_core.package_identification:_identify(gstream/webRTC/node_modules/string_decoder/lib) by extension 'ros'
[0.498s] Level 1:colcon.colcon_core.package_identification:_identify(gstream/webRTC/node_modules/string_decoder/lib) by extensions ['cmake', 'python']
[0.498s] Level 1:colcon.colcon_core.package_identification:_identify(gstream/webRTC/node_modules/string_decoder/lib) by extension 'cmake'
[0.498s] Level 1:colcon.colcon_core.package_identification:_identify(gstream/webRTC/node_modules/string_decoder/lib) by extension 'python'
[0.498s] Level 1:colcon.colcon_core.package_identification:_identify(gstream/webRTC/node_modules/string_decoder/lib) by extensions ['python_setup_py']
[0.498s] Level 1:colcon.colcon_core.package_identification:_identify(gstream/webRTC/node_modules/string_decoder/lib) by extension 'python_setup_py'
[0.499s] Level 1:colcon.colcon_core.package_identification:_identify(gstream/webRTC/node_modules/util-deprecate) by extensions ['ignore', 'ignore_ament_install']
[0.499s] Level 1:colcon.colcon_core.package_identification:_identify(gstream/webRTC/node_modules/util-deprecate) by extension 'ignore'
[0.499s] Level 1:colcon.colcon_core.package_identification:_identify(gstream/webRTC/node_modules/util-deprecate) by extension 'ignore_ament_install'
[0.499s] Level 1:colcon.colcon_core.package_identification:_identify(gstream/webRTC/node_modules/util-deprecate) by extensions ['colcon_pkg']
[0.499s] Level 1:colcon.colcon_core.package_identification:_identify(gstream/webRTC/node_modules/util-deprecate) by extension 'colcon_pkg'
[0.499s] Level 1:colcon.colcon_core.package_identification:_identify(gstream/webRTC/node_modules/util-deprecate) by extensions ['colcon_meta']
[0.499s] Level 1:colcon.colcon_core.package_identification:_identify(gstream/webRTC/node_modules/util-deprecate) by extension 'colcon_meta'
[0.499s] Level 1:colcon.colcon_core.package_identification:_identify(gstream/webRTC/node_modules/util-deprecate) by extensions ['ros']
[0.499s] Level 1:colcon.colcon_core.package_identification:_identify(gstream/webRTC/node_modules/util-deprecate) by extension 'ros'
[0.499s] Level 1:colcon.colcon_core.package_identification:_identify(gstream/webRTC/node_modules/util-deprecate) by extensions ['cmake', 'python']
[0.499s] Level 1:colcon.colcon_core.package_identification:_identify(gstream/webRTC/node_modules/util-deprecate) by extension 'cmake'
[0.499s] Level 1:colcon.colcon_core.package_identification:_identify(gstream/webRTC/node_modules/util-deprecate) by extension 'python'
[0.499s] Level 1:colcon.colcon_core.package_identification:_identify(gstream/webRTC/node_modules/util-deprecate) by extensions ['python_setup_py']
[0.499s] Level 1:colcon.colcon_core.package_identification:_identify(gstream/webRTC/node_modules/util-deprecate) by extension 'python_setup_py'
[0.499s] Level 1:colcon.colcon_core.package_identification:_identify(gstream/webRTC/node_modules/ws) by extensions ['ignore', 'ignore_ament_install']
[0.499s] Level 1:colcon.colcon_core.package_identification:_identify(gstream/webRTC/node_modules/ws) by extension 'ignore'
[0.500s] Level 1:colcon.colcon_core.package_identification:_identify(gstream/webRTC/node_modules/ws) by extension 'ignore_ament_install'
[0.500s] Level 1:colcon.colcon_core.package_identification:_identify(gstream/webRTC/node_modules/ws) by extensions ['colcon_pkg']
[0.500s] Level 1:colcon.colcon_core.package_identification:_identify(gstream/webRTC/node_modules/ws) by extension 'colcon_pkg'
[0.500s] Level 1:colcon.colcon_core.package_identification:_identify(gstream/webRTC/node_modules/ws) by extensions ['colcon_meta']
[0.500s] Level 1:colcon.colcon_core.package_identification:_identify(gstream/webRTC/node_modules/ws) by extension 'colcon_meta'
[0.500s] Level 1:colcon.colcon_core.package_identification:_identify(gstream/webRTC/node_modules/ws) by extensions ['ros']
[0.500s] Level 1:colcon.colcon_core.package_identification:_identify(gstream/webRTC/node_modules/ws) by extension 'ros'
[0.500s] Level 1:colcon.colcon_core.package_identification:_identify(gstream/webRTC/node_modules/ws) by extensions ['cmake', 'python']
[0.500s] Level 1:colcon.colcon_core.package_identification:_identify(gstream/webRTC/node_modules/ws) by extension 'cmake'
[0.500s] Level 1:colcon.colcon_core.package_identification:_identify(gstream/webRTC/node_modules/ws) by extension 'python'
[0.500s] Level 1:colcon.colcon_core.package_identification:_identify(gstream/webRTC/node_modules/ws) by extensions ['python_setup_py']
[0.500s] Level 1:colcon.colcon_core.package_identification:_identify(gstream/webRTC/node_modules/ws) by extension 'python_setup_py'
[0.500s] Level 1:colcon.colcon_core.package_identification:_identify(gstream/webRTC/node_modules/ws/lib) by extensions ['ignore', 'ignore_ament_install']
[0.500s] Level 1:colcon.colcon_core.package_identification:_identify(gstream/webRTC/node_modules/ws/lib) by extension 'ignore'
[0.500s] Level 1:colcon.colcon_core.package_identification:_identify(gstream/webRTC/node_modules/ws/lib) by extension 'ignore_ament_install'
[0.500s] Level 1:colcon.colcon_core.package_identification:_identify(gstream/webRTC/node_modules/ws/lib) by extensions ['colcon_pkg']
[0.500s] Level 1:colcon.colcon_core.package_identification:_identify(gstream/webRTC/node_modules/ws/lib) by extension 'colcon_pkg'
[0.500s] Level 1:colcon.colcon_core.package_identification:_identify(gstream/webRTC/node_modules/ws/lib) by extensions ['colcon_meta']
[0.501s] Level 1:colcon.colcon_core.package_identification:_identify(gstream/webRTC/node_modules/ws/lib) by extension 'colcon_meta'
[0.501s] Level 1:colcon.colcon_core.package_identification:_identify(gstream/webRTC/node_modules/ws/lib) by extensions ['ros']
[0.501s] Level 1:colcon.colcon_core.package_identification:_identify(gstream/webRTC/node_modules/ws/lib) by extension 'ros'
[0.501s] Level 1:colcon.colcon_core.package_identification:_identify(gstream/webRTC/node_modules/ws/lib) by extensions ['cmake', 'python']
[0.501s] Level 1:colcon.colcon_core.package_identification:_identify(gstream/webRTC/node_modules/ws/lib) by extension 'cmake'
[0.501s] Level 1:colcon.colcon_core.package_identification:_identify(gstream/webRTC/node_modules/ws/lib) by extension 'python'
[0.501s] Level 1:colcon.colcon_core.package_identification:_identify(gstream/webRTC/node_modules/ws/lib) by extensions ['python_setup_py']
[0.501s] Level 1:colcon.colcon_core.package_identification:_identify(gstream/webRTC/node_modules/ws/lib) by extension 'python_setup_py'
[0.501s] Level 1:colcon.colcon_core.package_identification:_identify(install) by extensions ['ignore', 'ignore_ament_install']
[0.501s] Level 1:colcon.colcon_core.package_identification:_identify(install) by extension 'ignore'
[0.501s] Level 1:colcon.colcon_core.package_identification:_identify(install) ignored
[0.501s] Level 1:colcon.colcon_core.package_identification:_identify(log) by extensions ['ignore', 'ignore_ament_install']
[0.501s] Level 1:colcon.colcon_core.package_identification:_identify(log) by extension 'ignore'
[0.501s] Level 1:colcon.colcon_core.package_identification:_identify(log) ignored
[0.502s] Level 1:colcon.colcon_core.package_identification:_identify(qml) by extensions ['ignore', 'ignore_ament_install']
[0.502s] Level 1:colcon.colcon_core.package_identification:_identify(qml) by extension 'ignore'
[0.502s] Level 1:colcon.colcon_core.package_identification:_identify(qml) by extension 'ignore_ament_install'
[0.502s] Level 1:colcon.colcon_core.package_identification:_identify(qml) by extensions ['colcon_pkg']
[0.502s] Level 1:colcon.colcon_core.package_identification:_identify(qml) by extension 'colcon_pkg'
[0.502s] Level 1:colcon.colcon_core.package_identification:_identify(qml) by extensions ['colcon_meta']
[0.502s] Level 1:colcon.colcon_core.package_identification:_identify(qml) by extension 'colcon_meta'
[0.502s] Level 1:colcon.colcon_core.package_identification:_identify(qml) by extensions ['ros']
[0.502s] Level 1:colcon.colcon_core.package_identification:_identify(qml) by extension 'ros'
[0.502s] Level 1:colcon.colcon_core.package_identification:_identify(qml) by extensions ['cmake', 'python']
[0.502s] Level 1:colcon.colcon_core.package_identification:_identify(qml) by extension 'cmake'
[0.502s] Level 1:colcon.colcon_core.package_identification:_identify(qml) by extension 'python'
[0.502s] Level 1:colcon.colcon_core.package_identification:_identify(qml) by extensions ['python_setup_py']
[0.502s] Level 1:colcon.colcon_core.package_identification:_identify(qml) by extension 'python_setup_py'
[0.502s] Level 1:colcon.colcon_core.package_identification:_identify(resource) by extensions ['ignore', 'ignore_ament_install']
[0.502s] Level 1:colcon.colcon_core.package_identification:_identify(resource) by extension 'ignore'
[0.502s] Level 1:colcon.colcon_core.package_identification:_identify(resource) by extension 'ignore_ament_install'
[0.503s] Level 1:colcon.colcon_core.package_identification:_identify(resource) by extensions ['colcon_pkg']
[0.503s] Level 1:colcon.colcon_core.package_identification:_identify(resource) by extension 'colcon_pkg'
[0.503s] Level 1:colcon.colcon_core.package_identification:_identify(resource) by extensions ['colcon_meta']
[0.503s] Level 1:colcon.colcon_core.package_identification:_identify(resource) by extension 'colcon_meta'
[0.503s] Level 1:colcon.colcon_core.package_identification:_identify(resource) by extensions ['ros']
[0.503s] Level 1:colcon.colcon_core.package_identification:_identify(resource) by extension 'ros'
[0.503s] Level 1:colcon.colcon_core.package_identification:_identify(resource) by extensions ['cmake', 'python']
[0.503s] Level 1:colcon.colcon_core.package_identification:_identify(resource) by extension 'cmake'
[0.503s] Level 1:colcon.colcon_core.package_identification:_identify(resource) by extension 'python'
[0.503s] Level 1:colcon.colcon_core.package_identification:_identify(resource) by extensions ['python_setup_py']
[0.503s] Level 1:colcon.colcon_core.package_identification:_identify(resource) by extension 'python_setup_py'
[0.503s] Level 1:colcon.colcon_core.package_discovery:discover_packages(recursive) using defaults
[0.503s] Level 1:colcon.colcon_core.package_discovery:discover_packages(ignore) discover
[0.503s] Level 1:colcon.colcon_core.package_discovery:discover_packages(ignore) using defaults
[0.503s] Level 1:colcon.colcon_core.package_discovery:discover_packages(path) discover
[0.503s] Level 1:colcon.colcon_core.package_discovery:discover_packages(path) using defaults
[0.550s] Level 1:colcon.colcon_core.package_discovery:discover_packages(prefix_path) check parameters
[0.551s] Level 1:colcon.colcon_core.package_discovery:discover_packages(prefix_path) discover
[0.553s] DEBUG:colcon.colcon_installed_package_information.package_discovery:Found 7 installed packages in /home/c3spray_deck/ros2_ws/install
[0.555s] DEBUG:colcon.colcon_installed_package_information.package_discovery:Found 231 installed packages in /opt/ros/humble
[0.557s] Level 1:colcon.colcon_core.package_discovery:discover_packages(prefix_path) using defaults
[0.598s] INFO:colcon.colcon_core.executor:Executing jobs using 'parallel' executor
[0.599s] DEBUG:colcon.colcon_parallel_executor.executor.parallel:run_until_complete
[0.599s] DEBUG:colcon.colcon_parallel_executor.executor.parallel:closing loop
[0.600s] DEBUG:colcon.colcon_parallel_executor.executor.parallel:loop closed
[0.600s] DEBUG:colcon.colcon_parallel_executor.executor.parallel:run_until_complete finished with '0'
[0.600s] DEBUG:colcon.colcon_core.event_reactor:joining thread
[0.607s] INFO:colcon.colcon_core.plugin_system:Skipping extension 'colcon_notification.desktop_notification.terminal_notifier': Not used on non-Darwin systems
[0.607s] INFO:colcon.colcon_core.plugin_system:Skipping extension 'colcon_notification.desktop_notification.win32': Not used on non-Windows systems
[0.607s] INFO:colcon.colcon_notification.desktop_notification:Sending desktop notification using 'notify2'
[0.624s] DEBUG:colcon.colcon_core.event_reactor:joined thread
[0.627s] INFO:colcon.colcon_core.plugin_system:Skipping extension 'colcon_core.shell.bat': Not used on non-Windows systems
[0.628s] INFO:colcon.colcon_core.shell:Creating prefix script '/home/c3spray_deck/ros2_ws/src/paint_controller_ros2/paint_controller/install/local_setup.ps1'
[0.629s] INFO:colcon.colcon_core.shell:Creating prefix util module '/home/c3spray_deck/ros2_ws/src/paint_controller_ros2/paint_controller/install/_local_setup_util_ps1.py'
[0.631s] INFO:colcon.colcon_core.shell:Creating prefix chain script '/home/c3spray_deck/ros2_ws/src/paint_controller_ros2/paint_controller/install/setup.ps1'
[0.633s] INFO:colcon.colcon_core.shell:Creating prefix script '/home/c3spray_deck/ros2_ws/src/paint_controller_ros2/paint_controller/install/local_setup.sh'
[0.633s] INFO:colcon.colcon_core.shell:Creating prefix util module '/home/c3spray_deck/ros2_ws/src/paint_controller_ros2/paint_controller/install/_local_setup_util_sh.py'
[0.634s] INFO:colcon.colcon_core.shell:Creating prefix chain script '/home/c3spray_deck/ros2_ws/src/paint_controller_ros2/paint_controller/install/setup.sh'
[0.635s] INFO:colcon.colcon_core.shell:Creating prefix script '/home/c3spray_deck/ros2_ws/src/paint_controller_ros2/paint_controller/install/local_setup.bash'
[0.636s] INFO:colcon.colcon_core.shell:Creating prefix chain script '/home/c3spray_deck/ros2_ws/src/paint_controller_ros2/paint_controller/install/setup.bash'
[0.638s] INFO:colcon.colcon_core.shell:Creating prefix script '/home/c3spray_deck/ros2_ws/src/paint_controller_ros2/paint_controller/install/local_setup.zsh'
[0.639s] INFO:colcon.colcon_core.shell:Creating prefix chain script '/home/c3spray_deck/ros2_ws/src/paint_controller_ros2/paint_controller/install/setup.zsh'
